>annotation AnnotationTarget(targets: Array<"Function" | "Parameter" | "Variable" | "Import">)
#^^^^^^^^^^ source.data-weave storage.type.dw
#          ^ source.data-weave
#           ^^^^^^^^^^^^^^^^ source.data-weave entity.name.variable.dw
#                           ^ source.data-weave
#                            ^^^^^^^ source.data-weave entity.name.variable.dw
#                                   ^ source.data-weave keyword.operator.declaration.dw
#                                    ^ source.data-weave
#                                     ^^^^^ source.data-weave entity.name.variable.dw
#                                          ^ source.data-weave keyword.operator.comparison.dw
#                                           ^ source.data-weave string.quoted.double.dw punctuation.definition.string.begin.dw
#                                            ^^^^^^^^ source.data-weave string.quoted.double.dw
#                                                    ^ source.data-weave string.quoted.double.dw punctuation.definition.string.end.dw
#                                                     ^ source.data-weave
#                                                      ^ source.data-weave constant.numeric.dw
#                                                       ^^ source.data-weave
#                                                         ^ source.data-weave constant.character.escape.dw
#                                                          ^^^^^^^^^^ source.data-weave
#                                                                    ^ source.data-weave constant.numeric.dw
#                                                                     ^ source.data-weave
#                                                                      ^ source.data-weave string.quoted.double.dw punctuation.definition.string.begin.dw
#                                                                       ^^^^^^^^ source.data-weave string.quoted.double.dw
#                                                                               ^ source.data-weave string.quoted.double.dw punctuation.definition.string.end.dw
#                                                                                ^ source.data-weave
#                                                                                 ^ source.data-weave constant.numeric.dw
#                                                                                  ^^^^^^^^^^^^ source.data-weave