>import * from x
#^^^^^^ source.data-weave storage.type.dw
#      ^ source.data-weave
#       ^ source.data-weave keyword.operator.arithmetic.dw
#        ^ source.data-weave
#         ^^^^ source.data-weave storage.type.dw
#             ^ source.data-weave
#              ^ source.data-weave entity.name.variable.dw
>// my comment
#^^ source.data-weave comment.line.double-slash.dw punctuation.definition.comment.dw
#  ^^^^^^^^^^^^ source.data-weave comment.line.double-slash.dw
>// other comment
#^^ source.data-weave comment.line.double-slash.dw punctuation.definition.comment.dw
#  ^^^^^^^^^^^^^^^ source.data-weave comment.line.double-slash.dw
>/* other comment */
#^^ source.data-weave comment.block.dw
#  ^^^^^^^^^^^^^^^ source.data-weave comment.block.dw
#                 ^^ source.data-weave comment.block.dw
>fun x(): Number = 1
#^^^ source.data-weave storage.type.dw
#   ^ source.data-weave
#    ^ source.data-weave entity.name.variable.dw
#     ^^ source.data-weave
#       ^ source.data-weave keyword.operator.declaration.dw
#        ^ source.data-weave
#         ^^^^^^ source.data-weave entity.name.variable.dw
#               ^ source.data-weave
#                ^ source.data-weave keyword.operator.assignment.dw
#                 ^ source.data-weave
#                  ^ source.data-weave constant.numeric.dw
>// other comment
#^^ source.data-weave comment.line.double-slash.dw punctuation.definition.comment.dw
#  ^^^^^^^^^^^^^^^ source.data-weave comment.line.double-slash.dw
>---
#^^^ source.data-weave keyword.operator.body-marker.dw
>// another comment
#^^ source.data-weave comment.line.double-slash.dw punctuation.definition.comment.dw
#  ^^^^^^^^^^^^^^^^^ source.data-weave comment.line.double-slash.dw
>/* other comment */
#^^ source.data-weave comment.block.dw
#  ^^^^^^^^^^^^^^^ source.data-weave comment.block.dw
#                 ^^ source.data-weave comment.block.dw
>1
#^ source.data-weave constant.numeric.dw
>