>fun printPassCapable(item) =
#^^^ source.data-weave storage.type.dw
#   ^ source.data-weave
#    ^^^^^^^^^^^^^^^^ source.data-weave entity.name.variable.dw
#                    ^ source.data-weave
#                     ^^^^ source.data-weave entity.name.variable.dw
#                         ^^ source.data-weave
#                           ^ source.data-weave keyword.operator.assignment.dw
>  using(msg = aa)
#^^ source.data-weave
#  ^^^^^ source.data-weave keyword.control.dw
#       ^ source.data-weave
#        ^^^ source.data-weave entity.name.variable.dw
#           ^ source.data-weave
#            ^ source.data-weave keyword.operator.assignment.dw
#             ^ source.data-weave
#              ^^ source.data-weave entity.name.variable.dw
#                ^^ source.data-weave
>    item
#^^^^ source.data-weave
#    ^^^^ source.data-weave entity.name.variable.dw
>
>fun printPassCapable(item) =
#^^^ source.data-weave storage.type.dw
#   ^ source.data-weave
#    ^^^^^^^^^^^^^^^^ source.data-weave entity.name.variable.dw
#                    ^ source.data-weave
#                     ^^^^ source.data-weave entity.name.variable.dw
#                         ^^ source.data-weave
#                           ^ source.data-weave keyword.operator.assignment.dw
>  using(msg = println(1 map 3))
#^^ source.data-weave
#  ^^^^^ source.data-weave keyword.control.dw
#       ^ source.data-weave
#        ^^^ source.data-weave entity.name.variable.dw
#           ^ source.data-weave
#            ^ source.data-weave keyword.operator.assignment.dw
#             ^ source.data-weave
#              ^^^^^^^ source.data-weave entity.name.variable.dw
#                     ^ source.data-weave
#                      ^ source.data-weave constant.numeric.dw
#                       ^ source.data-weave
#                        ^^^ source.data-weave entity.name.variable.dw
#                           ^ source.data-weave
#                            ^ source.data-weave constant.numeric.dw
#                             ^^^ source.data-weave
>    item map 3
#^^^^ source.data-weave
#    ^^^^ source.data-weave entity.name.variable.dw
#        ^ source.data-weave
#         ^^^ source.data-weave entity.name.variable.dw
#            ^ source.data-weave
#             ^ source.data-weave constant.numeric.dw